// Jest Snapshot v1, https://goo.gl/fbAQLP

exports[`RTrace output Overall Statistics: !~RTrace api[0]!~RTrace.activeBlocks()[0] errors 1`] = `Array []`;

exports[`RTrace output Overall Statistics: !~RTrace api[0]!~RTrace.activeBlocks()[0] rtraceDelta 1`] = `0`;

exports[`RTrace output Overall Statistics: !~RTrace api[0]!~RTrace.activeBlocks()[0] rtraceEnd 1`] = `7`;

exports[`RTrace output Overall Statistics: !~RTrace api[0]!~RTrace.activeBlocks()[0] rtraceStart 1`] = `7`;

exports[`RTrace output Overall Statistics: !~RTrace api[0]!~RTrace.activeNodeBlocks()[0] errors 1`] = `Array []`;

exports[`RTrace output Overall Statistics: !~RTrace api[0]!~RTrace.activeNodeBlocks()[0] rtraceDelta 1`] = `0`;

exports[`RTrace output Overall Statistics: !~RTrace api[0]!~RTrace.activeNodeBlocks()[0] rtraceEnd 1`] = `7`;

exports[`RTrace output Overall Statistics: !~RTrace api[0]!~RTrace.activeNodeBlocks()[0] rtraceStart 1`] = `7`;

exports[`RTrace output Overall Statistics: !~RTrace api[0]!~RTrace.allocations()[0] errors 1`] = `Array []`;

exports[`RTrace output Overall Statistics: !~RTrace api[0]!~RTrace.allocations()[0] rtraceDelta 1`] = `0`;

exports[`RTrace output Overall Statistics: !~RTrace api[0]!~RTrace.allocations()[0] rtraceEnd 1`] = `0`;

exports[`RTrace output Overall Statistics: !~RTrace api[0]!~RTrace.allocations()[0] rtraceStart 1`] = `7`;

exports[`RTrace output Overall Statistics: !~RTrace api[0]!~RTrace.count()[0] errors 1`] = `Array []`;

exports[`RTrace output Overall Statistics: !~RTrace api[0]!~RTrace.count()[0] rtraceDelta 1`] = `0`;

exports[`RTrace output Overall Statistics: !~RTrace api[0]!~RTrace.count()[0] rtraceEnd 1`] = `0`;

exports[`RTrace output Overall Statistics: !~RTrace api[0]!~RTrace.count()[0] rtraceStart 1`] = `7`;

exports[`RTrace output Overall Statistics: !~RTrace api[0]!~RTrace.decrements()[0] errors 1`] = `Array []`;

exports[`RTrace output Overall Statistics: !~RTrace api[0]!~RTrace.decrements()[0] rtraceDelta 1`] = `0`;

exports[`RTrace output Overall Statistics: !~RTrace api[0]!~RTrace.decrements()[0] rtraceEnd 1`] = `0`;

exports[`RTrace output Overall Statistics: !~RTrace api[0]!~RTrace.decrements()[0] rtraceStart 1`] = `7`;

exports[`RTrace output Overall Statistics: !~RTrace api[0]!~RTrace.frees()[0] errors 1`] = `Array []`;

exports[`RTrace output Overall Statistics: !~RTrace api[0]!~RTrace.frees()[0] rtraceDelta 1`] = `0`;

exports[`RTrace output Overall Statistics: !~RTrace api[0]!~RTrace.frees()[0] rtraceEnd 1`] = `0`;

exports[`RTrace output Overall Statistics: !~RTrace api[0]!~RTrace.frees()[0] rtraceStart 1`] = `7`;

exports[`RTrace output Overall Statistics: !~RTrace api[0]!~RTrace.increments()[0] errors 1`] = `Array []`;

exports[`RTrace output Overall Statistics: !~RTrace api[0]!~RTrace.increments()[0] rtraceDelta 1`] = `0`;

exports[`RTrace output Overall Statistics: !~RTrace api[0]!~RTrace.increments()[0] rtraceEnd 1`] = `0`;

exports[`RTrace output Overall Statistics: !~RTrace api[0]!~RTrace.increments()[0] rtraceStart 1`] = `7`;

exports[`RTrace output Overall Statistics: !~RTrace api[0]!~RTrace.nodeAllocations()[0] errors 1`] = `Array []`;

exports[`RTrace output Overall Statistics: !~RTrace api[0]!~RTrace.nodeAllocations()[0] rtraceDelta 1`] = `0`;

exports[`RTrace output Overall Statistics: !~RTrace api[0]!~RTrace.nodeAllocations()[0] rtraceEnd 1`] = `0`;

exports[`RTrace output Overall Statistics: !~RTrace api[0]!~RTrace.nodeAllocations()[0] rtraceStart 1`] = `7`;

exports[`RTrace output Overall Statistics: !~RTrace api[0]!~RTrace.nodeDecrements()[0] errors 1`] = `Array []`;

exports[`RTrace output Overall Statistics: !~RTrace api[0]!~RTrace.nodeDecrements()[0] rtraceDelta 1`] = `0`;

exports[`RTrace output Overall Statistics: !~RTrace api[0]!~RTrace.nodeDecrements()[0] rtraceEnd 1`] = `0`;

exports[`RTrace output Overall Statistics: !~RTrace api[0]!~RTrace.nodeDecrements()[0] rtraceStart 1`] = `7`;

exports[`RTrace output Overall Statistics: !~RTrace api[0]!~RTrace.nodeFrees()[0] errors 1`] = `Array []`;

exports[`RTrace output Overall Statistics: !~RTrace api[0]!~RTrace.nodeFrees()[0] rtraceDelta 1`] = `0`;

exports[`RTrace output Overall Statistics: !~RTrace api[0]!~RTrace.nodeFrees()[0] rtraceEnd 1`] = `0`;

exports[`RTrace output Overall Statistics: !~RTrace api[0]!~RTrace.nodeFrees()[0] rtraceStart 1`] = `7`;

exports[`RTrace output Overall Statistics: !~RTrace api[0]!~RTrace.nodeIncrements()[0] errors 1`] = `Array []`;

exports[`RTrace output Overall Statistics: !~RTrace api[0]!~RTrace.nodeIncrements()[0] rtraceDelta 1`] = `0`;

exports[`RTrace output Overall Statistics: !~RTrace api[0]!~RTrace.nodeIncrements()[0] rtraceEnd 1`] = `0`;

exports[`RTrace output Overall Statistics: !~RTrace api[0]!~RTrace.nodeIncrements()[0] rtraceStart 1`] = `7`;

exports[`RTrace output Overall Statistics: !~RTrace api[0]!~RTrace.nodeReallocations()[0] errors 1`] = `Array []`;

exports[`RTrace output Overall Statistics: !~RTrace api[0]!~RTrace.nodeReallocations()[0] rtraceDelta 1`] = `0`;

exports[`RTrace output Overall Statistics: !~RTrace api[0]!~RTrace.nodeReallocations()[0] rtraceEnd 1`] = `0`;

exports[`RTrace output Overall Statistics: !~RTrace api[0]!~RTrace.nodeReallocations()[0] rtraceStart 1`] = `31`;

exports[`RTrace output Overall Statistics: !~RTrace api[0]!~RTrace.reallocations()[0] errors 1`] = `Array []`;

exports[`RTrace output Overall Statistics: !~RTrace api[0]!~RTrace.reallocations()[0] rtraceDelta 1`] = `0`;

exports[`RTrace output Overall Statistics: !~RTrace api[0]!~RTrace.reallocations()[0] rtraceEnd 1`] = `0`;

exports[`RTrace output Overall Statistics: !~RTrace api[0]!~RTrace.reallocations()[0] rtraceStart 1`] = `31`;

exports[`RTrace output Overall Statistics: !~RTrace api[0]!~RTrace.refCountOf(pointer: usize)[0] errors 1`] = `Array []`;

exports[`RTrace output Overall Statistics: !~RTrace api[0]!~RTrace.refCountOf(pointer: usize)[0] rtraceDelta 1`] = `4`;

exports[`RTrace output Overall Statistics: !~RTrace api[0]!~RTrace.refCountOf(pointer: usize)[0] rtraceEnd 1`] = `27`;

exports[`RTrace output Overall Statistics: !~RTrace api[0]!~RTrace.refCountOf(pointer: usize)[0] rtraceStart 1`] = `23`;

exports[`RTrace output Overall Statistics: !~RTrace api[0]!~RTrace.refCountOfReference<T>(reference: T)[0] errors 1`] = `Array []`;

exports[`RTrace output Overall Statistics: !~RTrace api[0]!~RTrace.refCountOfReference<T>(reference: T)[0] rtraceDelta 1`] = `4`;

exports[`RTrace output Overall Statistics: !~RTrace api[0]!~RTrace.refCountOfReference<T>(reference: T)[0] rtraceEnd 1`] = `31`;

exports[`RTrace output Overall Statistics: !~RTrace api[0]!~RTrace.refCountOfReference<T>(reference: T)[0] rtraceStart 1`] = `27`;

exports[`RTrace output Overall Statistics: !~RTrace api[0]!~RTrace.sizeOf(pointer: usize)[0] errors 1`] = `Array []`;

exports[`RTrace output Overall Statistics: !~RTrace api[0]!~RTrace.sizeOf(pointer: usize)[0] rtraceDelta 1`] = `4`;

exports[`RTrace output Overall Statistics: !~RTrace api[0]!~RTrace.sizeOf(pointer: usize)[0] rtraceEnd 1`] = `11`;

exports[`RTrace output Overall Statistics: !~RTrace api[0]!~RTrace.sizeOf(pointer: usize)[0] rtraceStart 1`] = `7`;

exports[`RTrace output Overall Statistics: !~RTrace api[0]!~RTrace.sizeOfReference<T>(reference: T)[0] errors 1`] = `Array []`;

exports[`RTrace output Overall Statistics: !~RTrace api[0]!~RTrace.sizeOfReference<T>(reference: T)[0] rtraceDelta 1`] = `4`;

exports[`RTrace output Overall Statistics: !~RTrace api[0]!~RTrace.sizeOfReference<T>(reference: T)[0] rtraceEnd 1`] = `15`;

exports[`RTrace output Overall Statistics: !~RTrace api[0]!~RTrace.sizeOfReference<T>(reference: T)[0] rtraceStart 1`] = `11`;

exports[`RTrace output Overall Statistics: !~RTrace api[0]!~RTrace.typeIdOf(pointer: usize)[0] errors 1`] = `Array []`;

exports[`RTrace output Overall Statistics: !~RTrace api[0]!~RTrace.typeIdOf(pointer: usize)[0] rtraceDelta 1`] = `4`;

exports[`RTrace output Overall Statistics: !~RTrace api[0]!~RTrace.typeIdOf(pointer: usize)[0] rtraceEnd 1`] = `19`;

exports[`RTrace output Overall Statistics: !~RTrace api[0]!~RTrace.typeIdOf(pointer: usize)[0] rtraceStart 1`] = `15`;

exports[`RTrace output Overall Statistics: !~RTrace api[0]!~RTrace.typeIdOfReference<T>(reference: T)[0] errors 1`] = `Array []`;

exports[`RTrace output Overall Statistics: !~RTrace api[0]!~RTrace.typeIdOfReference<T>(reference: T)[0] rtraceDelta 1`] = `4`;

exports[`RTrace output Overall Statistics: !~RTrace api[0]!~RTrace.typeIdOfReference<T>(reference: T)[0] rtraceEnd 1`] = `23`;

exports[`RTrace output Overall Statistics: !~RTrace api[0]!~RTrace.typeIdOfReference<T>(reference: T)[0] rtraceStart 1`] = `19`;

exports[`RTrace output Overall Statistics: !~RTrace tests[0]!~should allocate a bunch of objects[0] errors 1`] = `Array []`;

exports[`RTrace output Overall Statistics: !~RTrace tests[0]!~should allocate a bunch of objects[0] rtraceDelta 1`] = `3`;

exports[`RTrace output Overall Statistics: !~RTrace tests[0]!~should allocate a bunch of objects[0] rtraceEnd 1`] = `0`;

exports[`RTrace output Overall Statistics: !~RTrace tests[0]!~should allocate a bunch of objects[0] rtraceStart 1`] = `3`;

exports[`RTrace output Overall Statistics: !~RTrace tests[0]!~should allocate an object[0] errors 1`] = `Array []`;

exports[`RTrace output Overall Statistics: !~RTrace tests[0]!~should allocate an object[0] rtraceDelta 1`] = `1`;

exports[`RTrace output Overall Statistics: !~RTrace tests[0]!~should allocate an object[0] rtraceEnd 1`] = `0`;

exports[`RTrace output Overall Statistics: !~RTrace tests[0]!~should allocate an object[0] rtraceStart 1`] = `3`;

exports[`RTrace output Overall Statistics: !~RTrace tests[0]!~should count references[0] errors 1`] = `Array []`;

exports[`RTrace output Overall Statistics: !~RTrace tests[0]!~should count references[0] rtraceDelta 1`] = `0`;

exports[`RTrace output Overall Statistics: !~RTrace tests[0]!~should count references[0] rtraceEnd 1`] = `0`;

exports[`RTrace output Overall Statistics: !~RTrace tests[0]!~should count references[0] rtraceStart 1`] = `6`;

exports[`RTrace output Overall Statistics: !~RTrace tests[0]!~should deallocate all the objects[0] errors 1`] = `Array []`;

exports[`RTrace output Overall Statistics: !~RTrace tests[0]!~should deallocate all the objects[0] rtraceDelta 1`] = `0`;

exports[`RTrace output Overall Statistics: !~RTrace tests[0]!~should deallocate all the objects[0] rtraceEnd 1`] = `0`;

exports[`RTrace output Overall Statistics: !~RTrace tests[0]!~should deallocate all the objects[0] rtraceStart 1`] = `7`;

exports[`RTrace output Overall Statistics: !~RTrace tests[0]!~should deallocate an object[0] errors 1`] = `Array []`;

exports[`RTrace output Overall Statistics: !~RTrace tests[0]!~should deallocate an object[0] rtraceDelta 1`] = `-1`;

exports[`RTrace output Overall Statistics: !~RTrace tests[0]!~should deallocate an object[0] rtraceEnd 1`] = `0`;

exports[`RTrace output Overall Statistics: !~RTrace tests[0]!~should deallocate an object[0] rtraceStart 1`] = `4`;

exports[`RTrace output Overall Statistics: !~RTrace tests[0]!~should start a label[0] errors 1`] = `Array []`;

exports[`RTrace output Overall Statistics: !~RTrace tests[0]!~should start a label[0] rtraceDelta 1`] = `1`;

exports[`RTrace output Overall Statistics: !~RTrace tests[0]!~should start a label[0] rtraceEnd 1`] = `0`;

exports[`RTrace output Overall Statistics: !~RTrace tests[0]!~should start a label[0] rtraceStart 1`] = `6`;

exports[`RTrace output Overall Statistics: !~RTrace tests[0]!~trigger a reallocation[0] errors 1`] = `Array []`;

exports[`RTrace output Overall Statistics: !~RTrace tests[0]!~trigger a reallocation[0] rtraceDelta 1`] = `0`;

exports[`RTrace output Overall Statistics: !~RTrace tests[0]!~trigger a reallocation[0] rtraceEnd 1`] = `0`;

exports[`RTrace output Overall Statistics: !~RTrace tests[0]!~trigger a reallocation[0] rtraceStart 1`] = `7`;

exports[`RTrace output Overall Statistics: !~a group reference counting error[0]!~empty[0] errors 1`] = `Array []`;

exports[`RTrace output Overall Statistics: !~a group reference counting error[0]!~empty[0] rtraceDelta 1`] = `0`;

exports[`RTrace output Overall Statistics: !~a group reference counting error[0]!~empty[0] rtraceEnd 1`] = `0`;

exports[`RTrace output Overall Statistics: !~a group reference counting error[0]!~empty[0] rtraceStart 1`] = `0`;

exports[`RTrace output Overall Statistics: RTrace api rtraceDelta 1`] = `0`;

exports[`RTrace output Overall Statistics: RTrace api rtraceEnd 1`] = `0`;

exports[`RTrace output Overall Statistics: RTrace api rtraceStart 1`] = `7`;

exports[`RTrace output Overall Statistics: RTrace apierrors 1`] = `Array []`;

exports[`RTrace output Overall Statistics: RTrace tests rtraceDelta 1`] = `0`;

exports[`RTrace output Overall Statistics: RTrace tests rtraceEnd 1`] = `0`;

exports[`RTrace output Overall Statistics: RTrace tests rtraceStart 1`] = `3`;

exports[`RTrace output Overall Statistics: RTrace testserrors 1`] = `Array []`;

exports[`RTrace output Overall Statistics: a group reference counting error rtraceDelta 1`] = `-1`;

exports[`RTrace output Overall Statistics: a group reference counting error rtraceEnd 1`] = `7`;

exports[`RTrace output Overall Statistics: a group reference counting error rtraceStart 1`] = `7`;

exports[`RTrace output Overall Statistics: a group reference counting errorerrors 1`] = `
Array [
  Object {
    "message": "An orphaned dellocation has occurred at block: 6284",
    "stackTrace": "    at ~lib/rt/tlsf/freeBlock (wasm-function[47]:0x1b88)
    at ~lib/rt/tlsf/__free (wasm-function[78]:0x2467)
    at start:assembly/jest-rtrace~anonymous|1~anonymous|0 (wasm-function[79]:0x246e)
    at ../assembly/assembly/internal/call/__call (wasm-function[153]:0x3314)",
    "type": "Orphaned Deallocation Error",
  },
]
`;

exports[`RTrace output Overall Statistics: allocationCount 1`] = `51`;

exports[`RTrace output Overall Statistics: errors 1`] = `
Array [
  Object {
    "message": "An orphaned dellocation has occurred at block: 6284",
    "stackTrace": "    at ~lib/rt/tlsf/freeBlock (wasm-function[47]:0x1b88)
    at ~lib/rt/tlsf/__free (wasm-function[78]:0x2467)
    at start:assembly/jest-rtrace~anonymous|1~anonymous|0 (wasm-function[79]:0x246e)
    at ../assembly/assembly/internal/call/__call (wasm-function[153]:0x3314)",
    "type": "Orphaned Deallocation Error",
  },
]
`;

exports[`RTrace output Overall Statistics: freeCount 1`] = `21`;
