// Jest Snapshot v1, https://goo.gl/fbAQLP

exports[`snapshots: onFinish ./assembly/jest-reporter-top-level-expect.ts 1`] = `
"‚ùå ./assembly/jest-reporter-top-level-expect.ts Pass: 0 / 0 Todo: 0 Time: 0ms
"
`;
