// Jest Snapshot v1, https://goo.gl/fbAQLP

exports[`snapshots: onFinish ./assembly/jest-reporter-flow-error.ts 1`] = `
"❌ ./assembly/jest-reporter-flow-error.ts Pass: 0 / 0 Todo: 0 Time: 0ms
  Failed: a passing suite
    ❌ passes - null
"
`;
