// Jest Snapshot v1, https://goo.gl/fbAQLP

exports[`snapshots: onFinish ./assembly/jest-reporter-pass.ts 1`] = `
"âœ” ./assembly/jest-reporter-pass.ts Pass: 2 / 2 Todo: 0 Time: 0ms
     [Log]: "Something else!"
     [Log]: "Something!"
"
`;
