// Jest Snapshot v1, https://goo.gl/fbAQLP

exports[`snapshots: onFinish ./assembly/jest-reporter-pass.ts 1`] = `
"    [File]: ./assembly/jest-reporter-pass.ts
  [Groups]: 2 pass, 2 total
  [Result]: ✔ PASS
[Snapshot]: 0 total, 0 added, 0 removed, 0 different
 [Summary]: 2 pass,  0 fail, 2 total
    [Time]: 0ms

~~~~~~~~~~~~~~~~~~~~~~~~~~~~~~~~~~~~~~~~~~~~~~~~~~~~~~~~~~~~~~~~~~~~~~~~~~~~~~~~

"
`;

exports[`snapshots: onGroupEnd  1`] = `""`;

exports[`snapshots: onGroupEnd a passing suite 1`] = `
"     [Log]: \\"Something else!\\"
   [Stack]: Has Stack Trace

"
`;

exports[`snapshots: onGroupStart a passing suite 1`] = `
"[Describe]: a passing suite

"
`;

exports[`snapshots: onTestFinish a passing suite it throws successfully! 1`] = `
"  [Throws]: ✔ it throws successfully!
"
`;

exports[`snapshots: onTestFinish a passing suite passes 1`] = `
" [Success]: ✔ passes
     [Log]: \\"Something!\\"
   [Stack]: Has Stack Trace
"
`;

exports[`snapshots: onTestStart a passing suite it throws successfully! 1`] = `""`;

exports[`snapshots: onTestStart a passing suite passes 1`] = `""`;
