// Jest Snapshot v1, https://goo.gl/fbAQLP

exports[`snapshots: onFinish assembly/jest-reporter.ts 1`] = `""`;

exports[`snapshots: onGroupEnd  1`] = `""`;

exports[`snapshots: onGroupStart  1`] = `""`;
