// Jest Snapshot v1, https://goo.gl/fbAQLP

exports[`snapshots: onFinish ./assembly/jest-wasi.ts 1`] = `
"    [File]: ./assembly/jest-wasi.ts
  [Groups]: 1 pass, 1 total
  [Result]: ✔ PASS
[Snapshot]: 0 total, 0 added, 0 removed, 0 different
 [Summary]: 1 pass,  0 fail, 1 total
    [Time]: 0ms

~~~~~~~~~~~~~~~~~~~~~~~~~~~~~~~~~~~~~~~~~~~~~~~~~~~~~~~~~~~~~~~~~~~~~~~~~~~~~~~~

"
`;

exports[`snapshots: onGroupEnd  1`] = `
"
"
`;

exports[`snapshots: onTestFinish  output 1`] = `
" [Success]: ✔ output
     [Log]: 0 as u16
   [Stack]: Has Stack Trace
     [Log]: 7688252867182239167 as u64
   [Stack]: Has Stack Trace
"
`;

exports[`snapshots: onTestStart  output 1`] = `""`;
